// Jest Snapshot v1, https://goo.gl/fbAQLP

exports[`CGDataRow it should render dataRow with Fav button only  1`] = `
<View
  collapsable={false}
  pointerEvents="box-none"
  style={
    Object {
      "flex": 1,
    }
  }
>
  <View
    accessibilityState={
      Object {
        "disabled": true,
      }
    }
    accessible={true}
    focusable={false}
    onClick={[Function]}
    onResponderGrant={[Function]}
    onResponderMove={[Function]}
    onResponderRelease={[Function]}
    onResponderTerminate={[Function]}
    onResponderTerminationRequest={[Function]}
    onStartShouldSetResponder={[Function]}
    style={
      Array [
        false,
        Array [
          Object {
            "borderBottomWidth": 0.5,
            "borderStyle": "solid",
            "minHeight": 48,
            "paddingHorizontal": 16,
          },
          Object {
            "borderBottomColor": "rgba(0, 0, 0, 0.12)",
          },
          undefined,
        ],
      ]
    }
  >
    <View
      style={
        Object {
          "flex": 1,
          "flexDirection": "row",
        }
      }
    >
      <View
        accessibilityState={
          Object {
            "disabled": true,
          }
        }
        accessible={true}
        focusable={false}
        onClick={[Function]}
        onResponderGrant={[Function]}
        onResponderMove={[Function]}
        onResponderRelease={[Function]}
        onResponderTerminate={[Function]}
        onResponderTerminationRequest={[Function]}
        onStartShouldSetResponder={[Function]}
        style={
          Array [
            false,
            Array [
              Object {
                "alignItems": "center",
                "flex": 1,
                "flexDirection": "row",
              },
              undefined,
              undefined,
            ],
          ]
        }
      >
        <Text
          numberOfLines={1}
          style={
            Array [
              Object {
                "color": "#000000",
                "fontFamily": "System",
                "fontWeight": "400",
              },
              Object {
                "textAlign": "left",
              },
              undefined,
            ]
          }
        >
          <Text
            allowFontScaling={false}
            onPress={[Function]}
            style={
              Array [
                Object {
                  "color": undefined,
                  "fontSize": 12,
                },
                undefined,
                Object {
                  "fontFamily": "Material Design Icons",
                  "fontStyle": "normal",
                  "fontWeight": "normal",
                },
                Object {},
              ]
            }
          >
            Û±ê±
          </Text>
        </Text>
      </View>
    </View>
  </View>
</View>
`;

exports[`CGDataRow it should render dataRow with Percentage, currency and Image  1`] = `
<View
  collapsable={false}
  pointerEvents="box-none"
  style={
    Object {
      "flex": 1,
    }
  }
>
  <View
    accessibilityState={
      Object {
        "disabled": true,
      }
    }
    accessible={true}
    focusable={false}
    onClick={[Function]}
    onResponderGrant={[Function]}
    onResponderMove={[Function]}
    onResponderRelease={[Function]}
    onResponderTerminate={[Function]}
    onResponderTerminationRequest={[Function]}
    onStartShouldSetResponder={[Function]}
    style={
      Array [
        false,
        Array [
          Object {
            "borderBottomWidth": 0.5,
            "borderStyle": "solid",
            "minHeight": 48,
            "paddingHorizontal": 16,
          },
          Object {
            "borderBottomColor": "rgba(0, 0, 0, 0.12)",
          },
          undefined,
        ],
      ]
    }
  >
    <View
      style={
        Object {
          "flex": 1,
          "flexDirection": "row",
        }
      }
    >
      <View
        accessibilityState={
          Object {
            "disabled": true,
          }
        }
        accessible={true}
        focusable={false}
        onClick={[Function]}
        onResponderGrant={[Function]}
        onResponderMove={[Function]}
        onResponderRelease={[Function]}
        onResponderTerminate={[Function]}
        onResponderTerminationRequest={[Function]}
        onStartShouldSetResponder={[Function]}
        style={
          Array [
            false,
            Array [
              Object {
                "alignItems": "center",
                "flex": 1,
                "flexDirection": "row",
              },
              undefined,
              undefined,
            ],
          ]
        }
      >
        <Text
          numberOfLines={1}
          style={
            Array [
              Object {
                "color": "#000000",
                "fontFamily": "System",
                "fontWeight": "400",
              },
              Object {
                "textAlign": "left",
              },
              undefined,
            ]
          }
        >
          <Image
            source={
              Object {
                "uri": "https://assets.coingecko.com/coins/images/19153/thumb/dobo.png?1640080606",
              }
            }
            style={
              Object {
                "height": 20,
                "width": 20,
              }
            }
          />
        </Text>
      </View>
      <View
        accessibilityState={
          Object {
            "disabled": true,
          }
        }
        accessible={true}
        focusable={false}
        onClick={[Function]}
        onResponderGrant={[Function]}
        onResponderMove={[Function]}
        onResponderRelease={[Function]}
        onResponderTerminate={[Function]}
        onResponderTerminationRequest={[Function]}
        onStartShouldSetResponder={[Function]}
        style={
          Array [
            false,
            Array [
              Object {
                "alignItems": "center",
                "flex": 1,
                "flexDirection": "row",
              },
              undefined,
              undefined,
            ],
          ]
        }
      >
        <Text
          numberOfLines={1}
          style={
            Array [
              Object {
                "color": "#000000",
                "fontFamily": "System",
                "fontWeight": "400",
              },
              Object {
                "textAlign": "left",
              },
              undefined,
            ]
          }
        >
          500.00
        </Text>
      </View>
      <View
        accessibilityState={
          Object {
            "disabled": true,
          }
        }
        accessible={true}
        focusable={false}
        onClick={[Function]}
        onResponderGrant={[Function]}
        onResponderMove={[Function]}
        onResponderRelease={[Function]}
        onResponderTerminate={[Function]}
        onResponderTerminationRequest={[Function]}
        onStartShouldSetResponder={[Function]}
        style={
          Array [
            false,
            Array [
              Object {
                "alignItems": "center",
                "flex": 1,
                "flexDirection": "row",
              },
              undefined,
              undefined,
            ],
          ]
        }
      >
        <Text
          numberOfLines={1}
          style={
            Array [
              Object {
                "color": "#000000",
                "fontFamily": "System",
                "fontWeight": "400",
              },
              Object {
                "textAlign": "left",
              },
              undefined,
            ]
          }
        >
          <Text
            style={
              Array [
                Object {
                  "color": "green",
                },
                undefined,
              ]
            }
          >
            60.7%
          </Text>
        </Text>
      </View>
    </View>
  </View>
</View>
`;

exports[`CGDataRow it should render dataRow with default Text only  1`] = `
<View
  collapsable={false}
  pointerEvents="box-none"
  style={
    Object {
      "flex": 1,
    }
  }
>
  <View
    accessibilityState={
      Object {
        "disabled": true,
      }
    }
    accessible={true}
    focusable={false}
    onClick={[Function]}
    onResponderGrant={[Function]}
    onResponderMove={[Function]}
    onResponderRelease={[Function]}
    onResponderTerminate={[Function]}
    onResponderTerminationRequest={[Function]}
    onStartShouldSetResponder={[Function]}
    style={
      Array [
        false,
        Array [
          Object {
            "borderBottomWidth": 0.5,
            "borderStyle": "solid",
            "minHeight": 48,
            "paddingHorizontal": 16,
          },
          Object {
            "borderBottomColor": "rgba(0, 0, 0, 0.12)",
          },
          undefined,
        ],
      ]
    }
  >
    <View
      style={
        Object {
          "flex": 1,
          "flexDirection": "row",
        }
      }
    >
      <View
        accessibilityState={
          Object {
            "disabled": true,
          }
        }
        accessible={true}
        focusable={false}
        onClick={[Function]}
        onResponderGrant={[Function]}
        onResponderMove={[Function]}
        onResponderRelease={[Function]}
        onResponderTerminate={[Function]}
        onResponderTerminationRequest={[Function]}
        onStartShouldSetResponder={[Function]}
        style={
          Array [
            false,
            Array [
              Object {
                "alignItems": "center",
                "flex": 1,
                "flexDirection": "row",
              },
              undefined,
              undefined,
            ],
          ]
        }
      >
        <Text
          numberOfLines={1}
          style={
            Array [
              Object {
                "color": "#000000",
                "fontFamily": "System",
                "fontWeight": "400",
              },
              Object {
                "textAlign": "left",
              },
              undefined,
            ]
          }
        >
          0
        </Text>
      </View>
    </View>
  </View>
</View>
`;
