// Jest Snapshot v1, https://goo.gl/fbAQLP

exports[`CGGlobalMarket 0.0 1`] = `
<View>
  <View
    style={
      Array [
        Object {
          "flexDirection": "row",
        },
        Object {
          "flex": 1,
        },
      ]
    }
  >
    <View
      collapsable={false}
      nativeID="animatedComponent"
      style={
        Object {
          "backgroundColor": "#ffffff",
          "borderColor": "rgba(0, 0, 0, 0.12)",
          "borderRadius": 0,
          "elevation": 1,
          "flex": 1,
          "shadowColor": "#000000",
          "shadowOffset": Object {
            "height": 0.5,
            "width": 0,
          },
          "shadowOpacity": 0.24,
          "shadowRadius": 0.75,
        }
      }
    >
      <View
        accessibilityState={
          Object {
            "disabled": true,
          }
        }
        accessible={true}
        focusable={false}
        onClick={[Function]}
        onResponderGrant={[Function]}
        onResponderMove={[Function]}
        onResponderRelease={[Function]}
        onResponderTerminate={[Function]}
        onResponderTerminationRequest={[Function]}
        onStartShouldSetResponder={[Function]}
        style={
          Object {
            "flexGrow": 1,
            "flexShrink": 1,
          }
        }
      >
        <View
          style={
            Array [
              Object {
                "alignItems": "center",
                "flexDirection": "row",
                "justifyContent": "space-between",
                "paddingLeft": 16,
              },
              Object {
                "minHeight": 72,
              },
              undefined,
            ]
          }
        >
          <View
            style={
              Array [
                Object {
                  "height": 40,
                  "justifyContent": "center",
                  "marginRight": 16,
                  "width": 40,
                },
                undefined,
              ]
            }
          >
            <Text
              allowFontScaling={false}
              style={
                Array [
                  Object {
                    "color": undefined,
                    "fontSize": 30,
                  },
                  undefined,
                  Object {
                    "fontFamily": "Material Design Icons",
                    "fontStyle": "normal",
                    "fontWeight": "normal",
                  },
                  Object {},
                ]
              }
            >
              󱋡
            </Text>
          </View>
          <View
            style={
              Array [
                Object {
                  "flex": 1,
                  "flexDirection": "column",
                  "justifyContent": "center",
                },
              ]
            }
          >
            <Text
              numberOfLines={1}
              style={
                Array [
                  Object {
                    "color": "#000000",
                    "fontFamily": "System",
                    "fontWeight": "400",
                  },
                  Object {
                    "textAlign": "left",
                  },
                  Array [
                    Object {
                      "textAlign": "left",
                    },
                    Object {
                      "color": "rgba(0, 0, 0, 0.87)",
                      "fontFamily": "System",
                      "fontWeight": "500",
                      "writingDirection": "ltr",
                    },
                    Array [
                      Object {
                        "fontSize": 20,
                        "letterSpacing": 0.15,
                        "lineHeight": 30,
                        "marginVertical": 2,
                      },
                      Array [
                        Object {
                          "minHeight": 30,
                          "paddingRight": 16,
                        },
                        Object {
                          "marginBottom": 0,
                        },
                        undefined,
                      ],
                    ],
                  ],
                ]
              }
            >
              10
            </Text>
            <Text
              numberOfLines={1}
              style={
                Array [
                  Object {
                    "color": "#000000",
                    "fontFamily": "System",
                    "fontWeight": "400",
                  },
                  Object {
                    "textAlign": "left",
                  },
                  Array [
                    Object {
                      "textAlign": "left",
                    },
                    Object {
                      "color": "rgba(0, 0, 0, 0.54)",
                      "fontFamily": "System",
                      "fontWeight": "400",
                      "writingDirection": "ltr",
                    },
                    Array [
                      Object {
                        "fontSize": 12,
                        "letterSpacing": 0.4,
                        "lineHeight": 20,
                        "marginVertical": 2,
                      },
                      Array [
                        Object {
                          "marginVertical": 0,
                          "minHeight": 20,
                          "paddingRight": 16,
                        },
                        undefined,
                      ],
                    ],
                  ],
                ]
              }
            >
              CRYPTO_MARKET_ICO_ONGOING
            </Text>
          </View>
          <View />
        </View>
      </View>
    </View>
    <View
      collapsable={false}
      nativeID="animatedComponent"
      style={
        Object {
          "backgroundColor": "#ffffff",
          "borderColor": "rgba(0, 0, 0, 0.12)",
          "borderRadius": 0,
          "elevation": 1,
          "flex": 1,
          "shadowColor": "#000000",
          "shadowOffset": Object {
            "height": 0.5,
            "width": 0,
          },
          "shadowOpacity": 0.24,
          "shadowRadius": 0.75,
        }
      }
    >
      <View
        accessibilityState={
          Object {
            "disabled": true,
          }
        }
        accessible={true}
        focusable={false}
        onClick={[Function]}
        onResponderGrant={[Function]}
        onResponderMove={[Function]}
        onResponderRelease={[Function]}
        onResponderTerminate={[Function]}
        onResponderTerminationRequest={[Function]}
        onStartShouldSetResponder={[Function]}
        style={
          Object {
            "flexGrow": 1,
            "flexShrink": 1,
          }
        }
      >
        <View
          style={
            Array [
              Object {
                "alignItems": "center",
                "flexDirection": "row",
                "justifyContent": "space-between",
                "paddingLeft": 16,
              },
              Object {
                "minHeight": 72,
              },
              undefined,
            ]
          }
        >
          <View
            style={
              Array [
                Object {
                  "height": 40,
                  "justifyContent": "center",
                  "marginRight": 16,
                  "width": 40,
                },
                undefined,
              ]
            }
          >
            <Text
              allowFontScaling={false}
              style={
                Array [
                  Object {
                    "color": undefined,
                    "fontSize": 30,
                  },
                  undefined,
                  Object {
                    "fontFamily": "Material Design Icons",
                    "fontStyle": "normal",
                    "fontWeight": "normal",
                  },
                  Object {},
                ]
              }
            >
              󰈖
            </Text>
          </View>
          <View
            style={
              Array [
                Object {
                  "flex": 1,
                  "flexDirection": "column",
                  "justifyContent": "center",
                },
              ]
            }
          >
            <Text
              numberOfLines={1}
              style={
                Array [
                  Object {
                    "color": "#000000",
                    "fontFamily": "System",
                    "fontWeight": "400",
                  },
                  Object {
                    "textAlign": "left",
                  },
                  Array [
                    Object {
                      "textAlign": "left",
                    },
                    Object {
                      "color": "rgba(0, 0, 0, 0.87)",
                      "fontFamily": "System",
                      "fontWeight": "500",
                      "writingDirection": "ltr",
                    },
                    Array [
                      Object {
                        "fontSize": 20,
                        "letterSpacing": 0.15,
                        "lineHeight": 30,
                        "marginVertical": 2,
                      },
                      Array [
                        Object {
                          "minHeight": 30,
                          "paddingRight": 16,
                        },
                        Object {
                          "marginBottom": 0,
                        },
                        undefined,
                      ],
                    ],
                  ],
                ]
              }
            >
              10
            </Text>
            <Text
              numberOfLines={1}
              style={
                Array [
                  Object {
                    "color": "#000000",
                    "fontFamily": "System",
                    "fontWeight": "400",
                  },
                  Object {
                    "textAlign": "left",
                  },
                  Array [
                    Object {
                      "textAlign": "left",
                    },
                    Object {
                      "color": "rgba(0, 0, 0, 0.54)",
                      "fontFamily": "System",
                      "fontWeight": "400",
                      "writingDirection": "ltr",
                    },
                    Array [
                      Object {
                        "fontSize": 12,
                        "letterSpacing": 0.4,
                        "lineHeight": 20,
                        "marginVertical": 2,
                      },
                      Array [
                        Object {
                          "marginVertical": 0,
                          "minHeight": 20,
                          "paddingRight": 16,
                        },
                        undefined,
                      ],
                    ],
                  ],
                ]
              }
            >
              CRYPTO_MARKET_ICO_ENDED
            </Text>
          </View>
          <View />
        </View>
      </View>
    </View>
  </View>
  <View
    style={
      Array [
        Object {
          "flexDirection": "row",
        },
        Object {
          "flex": 1,
        },
      ]
    }
  >
    <View
      collapsable={false}
      nativeID="animatedComponent"
      style={
        Object {
          "backgroundColor": "#ffffff",
          "borderColor": "rgba(0, 0, 0, 0.12)",
          "borderRadius": 0,
          "elevation": 1,
          "flex": 1,
          "shadowColor": "#000000",
          "shadowOffset": Object {
            "height": 0.5,
            "width": 0,
          },
          "shadowOpacity": 0.24,
          "shadowRadius": 0.75,
        }
      }
    >
      <View
        accessibilityState={
          Object {
            "disabled": true,
          }
        }
        accessible={true}
        focusable={false}
        onClick={[Function]}
        onResponderGrant={[Function]}
        onResponderMove={[Function]}
        onResponderRelease={[Function]}
        onResponderTerminate={[Function]}
        onResponderTerminationRequest={[Function]}
        onStartShouldSetResponder={[Function]}
        style={
          Object {
            "flexGrow": 1,
            "flexShrink": 1,
          }
        }
      >
        <View
          style={
            Array [
              Object {
                "alignItems": "center",
                "flexDirection": "row",
                "justifyContent": "space-between",
                "paddingLeft": 16,
              },
              Object {
                "minHeight": 72,
              },
              undefined,
            ]
          }
        >
          <View
            style={
              Array [
                Object {
                  "height": 40,
                  "justifyContent": "center",
                  "marginRight": 16,
                  "width": 40,
                },
                undefined,
              ]
            }
          >
            <Text
              allowFontScaling={false}
              style={
                Array [
                  Object {
                    "color": undefined,
                    "fontSize": 30,
                  },
                  undefined,
                  Object {
                    "fontFamily": "Material Design Icons",
                    "fontStyle": "normal",
                    "fontWeight": "normal",
                  },
                  Object {},
                ]
              }
            >
              󰝒
            </Text>
          </View>
          <View
            style={
              Array [
                Object {
                  "flex": 1,
                  "flexDirection": "column",
                  "justifyContent": "center",
                },
              ]
            }
          >
            <Text
              numberOfLines={1}
              style={
                Array [
                  Object {
                    "color": "#000000",
                    "fontFamily": "System",
                    "fontWeight": "400",
                  },
                  Object {
                    "textAlign": "left",
                  },
                  Array [
                    Object {
                      "textAlign": "left",
                    },
                    Object {
                      "color": "rgba(0, 0, 0, 0.87)",
                      "fontFamily": "System",
                      "fontWeight": "500",
                      "writingDirection": "ltr",
                    },
                    Array [
                      Object {
                        "fontSize": 20,
                        "letterSpacing": 0.15,
                        "lineHeight": 30,
                        "marginVertical": 2,
                      },
                      Array [
                        Object {
                          "minHeight": 30,
                          "paddingRight": 16,
                        },
                        Object {
                          "marginBottom": 0,
                        },
                        undefined,
                      ],
                    ],
                  ],
                ]
              }
            >
              10
            </Text>
            <Text
              numberOfLines={1}
              style={
                Array [
                  Object {
                    "color": "#000000",
                    "fontFamily": "System",
                    "fontWeight": "400",
                  },
                  Object {
                    "textAlign": "left",
                  },
                  Array [
                    Object {
                      "textAlign": "left",
                    },
                    Object {
                      "color": "rgba(0, 0, 0, 0.54)",
                      "fontFamily": "System",
                      "fontWeight": "400",
                      "writingDirection": "ltr",
                    },
                    Array [
                      Object {
                        "fontSize": 12,
                        "letterSpacing": 0.4,
                        "lineHeight": 20,
                        "marginVertical": 2,
                      },
                      Array [
                        Object {
                          "marginVertical": 0,
                          "minHeight": 20,
                          "paddingRight": 16,
                        },
                        undefined,
                      ],
                    ],
                  ],
                ]
              }
            >
              CRYPTO_MARKET_ICO_UPCOMING
            </Text>
          </View>
          <View />
        </View>
      </View>
    </View>
    <View
      collapsable={false}
      nativeID="animatedComponent"
      style={
        Object {
          "backgroundColor": "#ffffff",
          "borderColor": "rgba(0, 0, 0, 0.12)",
          "borderRadius": 0,
          "elevation": 1,
          "flex": 1,
          "shadowColor": "#000000",
          "shadowOffset": Object {
            "height": 0.5,
            "width": 0,
          },
          "shadowOpacity": 0.24,
          "shadowRadius": 0.75,
        }
      }
    >
      <View
        accessibilityState={
          Object {
            "disabled": true,
          }
        }
        accessible={true}
        focusable={false}
        onClick={[Function]}
        onResponderGrant={[Function]}
        onResponderMove={[Function]}
        onResponderRelease={[Function]}
        onResponderTerminate={[Function]}
        onResponderTerminationRequest={[Function]}
        onStartShouldSetResponder={[Function]}
        style={
          Object {
            "flexGrow": 1,
            "flexShrink": 1,
          }
        }
      >
        <View
          style={
            Array [
              Object {
                "alignItems": "center",
                "flexDirection": "row",
                "justifyContent": "space-between",
                "paddingLeft": 16,
              },
              Object {
                "minHeight": 72,
              },
              undefined,
            ]
          }
        >
          <View
            style={
              Array [
                Object {
                  "height": 40,
                  "justifyContent": "center",
                  "marginRight": 16,
                  "width": 40,
                },
                undefined,
              ]
            }
          >
            <Text
              allowFontScaling={false}
              style={
                Array [
                  Object {
                    "color": undefined,
                    "fontSize": 30,
                  },
                  undefined,
                  Object {
                    "fontFamily": "Material Design Icons",
                    "fontStyle": "normal",
                    "fontWeight": "normal",
                  },
                  Object {},
                ]
              }
            >
              󰠓
            </Text>
          </View>
          <View
            style={
              Array [
                Object {
                  "flex": 1,
                  "flexDirection": "column",
                  "justifyContent": "center",
                },
              ]
            }
          >
            <Text
              numberOfLines={1}
              style={
                Array [
                  Object {
                    "color": "#000000",
                    "fontFamily": "System",
                    "fontWeight": "400",
                  },
                  Object {
                    "textAlign": "left",
                  },
                  Array [
                    Object {
                      "textAlign": "left",
                    },
                    Object {
                      "color": "rgba(0, 0, 0, 0.87)",
                      "fontFamily": "System",
                      "fontWeight": "500",
                      "writingDirection": "ltr",
                    },
                    Array [
                      Object {
                        "fontSize": 20,
                        "letterSpacing": 0.15,
                        "lineHeight": 30,
                        "marginVertical": 2,
                      },
                      Array [
                        Object {
                          "minHeight": 30,
                          "paddingRight": 16,
                        },
                        Object {
                          "marginBottom": 0,
                        },
                        undefined,
                      ],
                    ],
                  ],
                ]
              }
            >
              144
            </Text>
            <Text
              numberOfLines={1}
              style={
                Array [
                  Object {
                    "color": "#000000",
                    "fontFamily": "System",
                    "fontWeight": "400",
                  },
                  Object {
                    "textAlign": "left",
                  },
                  Array [
                    Object {
                      "textAlign": "left",
                    },
                    Object {
                      "color": "rgba(0, 0, 0, 0.54)",
                      "fontFamily": "System",
                      "fontWeight": "400",
                      "writingDirection": "ltr",
                    },
                    Array [
                      Object {
                        "fontSize": 12,
                        "letterSpacing": 0.4,
                        "lineHeight": 20,
                        "marginVertical": 2,
                      },
                      Array [
                        Object {
                          "marginVertical": 0,
                          "minHeight": 20,
                          "paddingRight": 16,
                        },
                        undefined,
                      ],
                    ],
                  ],
                ]
              }
            >
              CRYPTO_MARKET_ACTIVE_CRYPTO
            </Text>
          </View>
          <View />
        </View>
      </View>
    </View>
  </View>
  <View
    collapsable={false}
    nativeID="animatedComponent"
    style={
      Object {
        "backgroundColor": "#ffffff",
        "borderColor": "rgba(0, 0, 0, 0.12)",
        "borderRadius": 0,
        "elevation": 1,
        "shadowColor": "#000000",
        "shadowOffset": Object {
          "height": 0.5,
          "width": 0,
        },
        "shadowOpacity": 0.24,
        "shadowRadius": 0.75,
      }
    }
  >
    <View
      accessibilityState={
        Object {
          "disabled": true,
        }
      }
      accessible={true}
      focusable={false}
      onClick={[Function]}
      onResponderGrant={[Function]}
      onResponderMove={[Function]}
      onResponderRelease={[Function]}
      onResponderTerminate={[Function]}
      onResponderTerminationRequest={[Function]}
      onStartShouldSetResponder={[Function]}
      style={
        Object {
          "flexGrow": 1,
          "flexShrink": 1,
        }
      }
    >
      <View
        style={
          Array [
            Object {
              "alignItems": "center",
              "flexDirection": "row",
              "justifyContent": "space-between",
              "paddingLeft": 16,
            },
            Object {
              "minHeight": 72,
            },
            undefined,
          ]
        }
      >
        <View
          style={
            Array [
              Object {
                "height": 40,
                "justifyContent": "center",
                "marginRight": 16,
                "width": 40,
              },
              undefined,
            ]
          }
        >
          <Text
            allowFontScaling={false}
            style={
              Array [
                Object {
                  "color": undefined,
                  "fontSize": 30,
                },
                undefined,
                Object {
                  "fontFamily": "Material Design Icons",
                  "fontStyle": "normal",
                  "fontWeight": "normal",
                },
                Object {},
              ]
            }
          >
            󰄔
          </Text>
        </View>
        <View
          style={
            Array [
              Object {
                "flex": 1,
                "flexDirection": "column",
                "justifyContent": "center",
              },
            ]
          }
        >
          <Text
            numberOfLines={1}
            style={
              Array [
                Object {
                  "color": "#000000",
                  "fontFamily": "System",
                  "fontWeight": "400",
                },
                Object {
                  "textAlign": "left",
                },
                Array [
                  Object {
                    "textAlign": "left",
                  },
                  Object {
                    "color": "rgba(0, 0, 0, 0.87)",
                    "fontFamily": "System",
                    "fontWeight": "500",
                    "writingDirection": "ltr",
                  },
                  Array [
                    Object {
                      "fontSize": 20,
                      "letterSpacing": 0.15,
                      "lineHeight": 30,
                      "marginVertical": 2,
                    },
                    Array [
                      Object {
                        "minHeight": 30,
                        "paddingRight": 16,
                      },
                      Object {
                        "marginBottom": 0,
                      },
                      undefined,
                    ],
                  ],
                ],
              ]
            }
          >
            $40.00
          </Text>
          <Text
            numberOfLines={1}
            style={
              Array [
                Object {
                  "color": "#000000",
                  "fontFamily": "System",
                  "fontWeight": "400",
                },
                Object {
                  "textAlign": "left",
                },
                Array [
                  Object {
                    "textAlign": "left",
                  },
                  Object {
                    "color": "rgba(0, 0, 0, 0.54)",
                    "fontFamily": "System",
                    "fontWeight": "400",
                    "writingDirection": "ltr",
                  },
                  Array [
                    Object {
                      "fontSize": 12,
                      "letterSpacing": 0.4,
                      "lineHeight": 20,
                      "marginVertical": 2,
                    },
                    Array [
                      Object {
                        "marginVertical": 0,
                        "minHeight": 20,
                        "paddingRight": 16,
                      },
                      undefined,
                    ],
                  ],
                ],
              ]
            }
          >
            CRYPTO_MARKET_TOTAL_MARKET_CAP
          </Text>
        </View>
        <View>
          <Text
            style={
              Array [
                Object {
                  "color": undefined,
                },
                undefined,
              ]
            }
          >
            50.0%
          </Text>
        </View>
      </View>
    </View>
  </View>
  <View
    collapsable={false}
    nativeID="animatedComponent"
    style={
      Object {
        "backgroundColor": "#ffffff",
        "borderColor": "rgba(0, 0, 0, 0.12)",
        "borderRadius": 0,
        "elevation": 1,
        "shadowColor": "#000000",
        "shadowOffset": Object {
          "height": 0.5,
          "width": 0,
        },
        "shadowOpacity": 0.24,
        "shadowRadius": 0.75,
      }
    }
  >
    <View
      accessibilityState={
        Object {
          "disabled": true,
        }
      }
      accessible={true}
      focusable={false}
      onClick={[Function]}
      onResponderGrant={[Function]}
      onResponderMove={[Function]}
      onResponderRelease={[Function]}
      onResponderTerminate={[Function]}
      onResponderTerminationRequest={[Function]}
      onStartShouldSetResponder={[Function]}
      style={
        Object {
          "flexGrow": 1,
          "flexShrink": 1,
        }
      }
    >
      <View
        style={
          Array [
            Object {
              "alignItems": "center",
              "flexDirection": "row",
              "justifyContent": "space-between",
              "paddingLeft": 16,
            },
            Object {
              "minHeight": 50,
            },
            undefined,
          ]
        }
      >
        <View
          style={
            Array [
              Object {
                "flex": 1,
                "flexDirection": "column",
                "justifyContent": "center",
              },
            ]
          }
        >
          <Text
            numberOfLines={1}
            style={
              Array [
                Object {
                  "color": "#000000",
                  "fontFamily": "System",
                  "fontWeight": "400",
                },
                Object {
                  "textAlign": "left",
                },
                Array [
                  Object {
                    "textAlign": "left",
                  },
                  Object {
                    "color": "rgba(0, 0, 0, 0.87)",
                    "fontFamily": "System",
                    "fontWeight": "500",
                    "writingDirection": "ltr",
                  },
                  Array [
                    Object {
                      "fontSize": 20,
                      "letterSpacing": 0.15,
                      "lineHeight": 30,
                      "marginVertical": 2,
                    },
                    Array [
                      Object {
                        "minHeight": 30,
                        "paddingRight": 16,
                      },
                      Object {
                        "marginBottom": 2,
                      },
                      undefined,
                    ],
                  ],
                ],
              ]
            }
          >
            CRYPTO_MARKET_PIECHART_TITLE
          </Text>
        </View>
        <View />
      </View>
      <View
        style={
          Object {
            "height": 220,
            "padding": 0,
            "width": 750,
          }
        }
      >
        <RNSVGSvgView
          bbHeight={220}
          bbWidth={750}
          focusable={false}
          height={220}
          style={
            Array [
              Object {
                "backgroundColor": "transparent",
                "borderWidth": 0,
              },
              Object {
                "flex": 0,
                "height": 220,
                "width": 750,
              },
            ]
          }
          width={750}
        >
          <RNSVGGroup>
            <RNSVGGroup>
              <RNSVGDefs>
                <RNSVGLinearGradient
                  gradient={
                    Array [
                      0,
                      1976611,
                      1,
                      -2146954483,
                    ]
                  }
                  gradientTransform={null}
                  gradientUnits={1}
                  name="backgroundGradient"
                  x1={0}
                  x2={220}
                  y1={220}
                  y2={0}
                />
                <RNSVGLinearGradient
                  gradient={
                    Array [
                      0,
                      437976978,
                      1,
                      1769362,
                    ]
                  }
                  gradientTransform={null}
                  gradientUnits={1}
                  name="fillShadowGradient"
                  x1={0}
                  x2={0}
                  y1={0}
                  y2={220}
                />
              </RNSVGDefs>
            </RNSVGGroup>
            <RNSVGRect
              fill={0}
              height={220}
              propList={
                Array [
                  "fill",
                ]
              }
              rx={0}
              ry={0}
              width="100%"
              x={0}
              y={0}
            />
            <RNSVGGroup
              matrix={
                Array [
                  1,
                  0,
                  -0,
                  1,
                  201.5,
                  110,
                ]
              }
            >
              <RNSVGGroup>
                <RNSVGPath
                  d="M 0 -88 A 88 88 0 0 1 0 88 L 0 0 A 0 0 0 0 0 0 0 Z "
                  fill={4284900966}
                  propList={
                    Array [
                      "fill",
                    ]
                  }
                />
                <RNSVGRect
                  fill={4284900966}
                  height="16px"
                  propList={
                    Array [
                      "fill",
                    ]
                  }
                  rx={8}
                  ry={8}
                  width="16px"
                  x={276}
                  y={-76}
                />
                <RNSVGText
                  content={null}
                  dx={Array []}
                  dy={Array []}
                  fill={4284900966}
                  font={
                    Object {
                      "fontSize": 14,
                    }
                  }
                  propList={
                    Array [
                      "fill",
                    ]
                  }
                  rotate={Array []}
                  x={
                    Array [
                      300,
                    ]
                  }
                  y={
                    Array [
                      -64,
                    ]
                  }
                >
                  <RNSVGTSpan
                    content="50% a"
                    dx={Array []}
                    dy={Array []}
                    font={Object {}}
                    rotate={Array []}
                    x={Array []}
                    y={Array []}
                  />
                </RNSVGText>
              </RNSVGGroup>
              <RNSVGGroup>
                <RNSVGPath
                  d="M 0 88 A 88 88 0 0 1 -0.0088 -88 L 0 0 A 0 0 0 0 0 0 0 Z "
                  fill={4288282623}
                  propList={
                    Array [
                      "fill",
                    ]
                  }
                />
                <RNSVGRect
                  fill={4288282623}
                  height="16px"
                  propList={
                    Array [
                      "fill",
                    ]
                  }
                  rx={8}
                  ry={8}
                  width="16px"
                  x={276}
                  y={12}
                />
                <RNSVGText
                  content={null}
                  dx={Array []}
                  dy={Array []}
                  fill={4288282623}
                  font={
                    Object {
                      "fontSize": 14,
                    }
                  }
                  propList={
                    Array [
                      "fill",
                    ]
                  }
                  rotate={Array []}
                  x={
                    Array [
                      300,
                    ]
                  }
                  y={
                    Array [
                      24,
                    ]
                  }
                >
                  <RNSVGTSpan
                    content="50% b"
                    dx={Array []}
                    dy={Array []}
                    font={Object {}}
                    rotate={Array []}
                    x={Array []}
                    y={Array []}
                  />
                </RNSVGText>
              </RNSVGGroup>
            </RNSVGGroup>
          </RNSVGGroup>
        </RNSVGSvgView>
      </View>
    </View>
  </View>
</View>
`;
